[aist#0:1/pcm_s16le @ 0x141e1a4c0] Guessed Channel Layout: stereo
Input #0, avi, from '/private/tmp/solmere-lid-polish.avi':
  Duration: 00:00:05.55, start: 0.000000, bitrate: 75384 kb/s
  Stream #0:0: Video: mjpeg (Baseline) (MJPG / 0x47504A4D), yuvj420p(pc, bt470bg/unknown/unknown), 1440x851 [SAR 1:1 DAR 1440:851], 74047 kb/s, 60 fps, 60 tbr, 60 tbn
  Stream #0:1: Audio: pcm_s16le ([1][0][0][0] / 0x0001), 48000 Hz, stereo, s16, 1536 kb/s
Stream mapping:
  Stream #0:0 -> #0:0 (mjpeg (native) -> h264 (libx264))
  Stream #0:1 -> #0:1 (pcm_s16le (native) -> aac (native))
Press [q] to stop, [?] for help
[swscaler @ 0x130058000] deprecated pixel format used, make sure you did set range correctly
[libx264 @ 0x141e1c0b0] using SAR=1/1
[libx264 @ 0x141e1c0b0] using cpu capabilities: ARMv8 NEON
[libx264 @ 0x141e1c0b0] profile High, level 4.2, 4:2:0, 8-bit
[libx264 @ 0x141e1c0b0] 264 - core 164 r3190 7ed753b - H.264/MPEG-4 AVC codec - Copyleft 2003-2024 - http://www.videolan.org/x264.html - options: cabac=1 ref=3 deblock=1:0:0 analyse=0x3:0x113 me=hex subme=7 psy=1 psy_rd=1.00:0.00 mixed_ref=1 me_range=16 chroma_me=1 trellis=1 8x8dct=1 cqm=0 deadzone=21,11 fast_pskip=1 chroma_qp_offset=-2 threads=15 lookahead_threads=2 sliced_threads=0 nr=0 decimate=1 interlaced=0 bluray_compat=0 constrained_intra=0 bframes=3 b_pyramid=2 b_adapt=1 b_bias=0 direct=1 weightb=1 open_gop=0 weightp=2 keyint=250 keyint_min=25 scenecut=40 intra_refresh=0 rc_lookahead=40 rc=crf mbtree=1 crf=19.0 qcomp=0.60 qpmin=0 qpmax=69 qpstep=4 ip_ratio=1.40 aq=1:1.00
Output #0, mp4, to 'qa/20260926-lid-polish/explosion-preview.mp4':
  Metadata:
    encoder         : Lavf61.7.100
  Stream #0:0: Video: h264 (avc1 / 0x31637661), yuv420p(pc, bt470bg/unknown/unknown, progressive), 1440x852 [SAR 1:1 DAR 120:71], q=2-31, 60 fps, 15360 tbn
      Metadata:
        encoder         : Lavc61.19.100 libx264
      Side data:
        cpb: bitrate max/min/avg: 0/0/0 buffer size: 0 vbv_delay: N/A
  Stream #0:1: Audio: aac (LC) (mp4a / 0x6134706D), 48000 Hz, stereo, fltp, 160 kb/s
      Metadata:
        encoder         : Lavc61.19.100 aac
frame=  193 fps=0.0 q=27.0 size=     512KiB time=00:00:03.18 bitrate=1317.7kbits/s speed= 6.3x
[mp4 @ 0x141e1b540] Starting second pass: moving the moov atom to the beginning of the file
[out#0/mp4 @ 0x141e1b480] video:752KiB audio:71KiB subtitle:0KiB other streams:0KiB global headers:0KiB muxing overhead: 1.221783%
frame=  333 fps=0.0 q=-1.0 Lsize=     833KiB time=00:00:05.51 bitrate=1236.3kbits/s speed=7.72x
[libx264 @ 0x141e1c0b0] frame I:2     Avg QP:15.84  size:175636
[libx264 @ 0x141e1c0b0] frame P:87    Avg QP:18.18  size:  2651
[libx264 @ 0x141e1c0b0] frame B:244   Avg QP:22.54  size:   767
[libx264 @ 0x141e1c0b0] consecutive B-frames:  1.5%  1.8%  1.8% 94.9%
[libx264 @ 0x141e1c0b0] mb I  I16..4: 12.7% 79.5%  7.8%
[libx264 @ 0x141e1c0b0] mb P  I16..4:  0.2%  0.7%  0.1%  P16..4:  2.3%  0.6%  0.5%  0.0%  0.0%    skip:95.6%
[libx264 @ 0x141e1c0b0] mb B  I16..4:  0.1%  0.0%  0.0%  B16..8:  1.3%  0.5%  0.2%  direct: 0.1%  skip:97.8%  L0:40.8% L1:43.6% BI:15.6%
[libx264 @ 0x141e1c0b0] 8x8 transform intra:71.1% inter:67.7%
[libx264 @ 0x141e1c0b0] coded y,uvDC,uvAC intra: 59.8% 61.6% 42.5% inter: 0.5% 0.7% 0.1%
[libx264 @ 0x141e1c0b0] i16 v,h,dc,p: 17% 79%  4%  0%
[libx264 @ 0x141e1c0b0] i8 v,h,dc,ddl,ddr,vr,hd,vl,hu: 16% 32% 28%  3%  3%  3%  4%  4%  6%
[libx264 @ 0x141e1c0b0] i4 v,h,dc,ddl,ddr,vr,hd,vl,hu: 28% 39% 13%  3%  4%  3%  4%  3%  4%
[libx264 @ 0x141e1c0b0] i8c dc,h,v,p: 39% 40% 17%  4%
[libx264 @ 0x141e1c0b0] Weighted P-Frames: Y:0.0% UV:0.0%
[libx264 @ 0x141e1c0b0] ref P L0: 64.5% 12.0% 13.8%  9.7%
[libx264 @ 0x141e1c0b0] ref B L0: 84.6% 11.6%  3.8%
[libx264 @ 0x141e1c0b0] ref B L1: 93.1%  6.9%
[libx264 @ 0x141e1c0b0] kb/s:1108.51
[aac @ 0x141e1f7d0] Qavg: 23441.963
