Input #0, mov,mp4,m4a,3gp,3g2,mj2, from '/Users/imokokok/Documents/Solmere/demo/100Restaurant_Pan_Lid_Explosion_Polished_20260926_CN.mp4':
  Metadata:
    major_brand     : isom
    minor_version   : 512
    compatible_brands: isomiso2avc1mp41
    encoder         : Lavf61.7.100
  Duration: 00:00:05.55, start: 0.000000, bitrate: 1067 kb/s
  Stream #0:0[0x1](und): Video: h264 (High) (avc1 / 0x31637661), yuvj420p(pc, bt470bg/unknown/unknown, progressive), 1440x852 [SAR 1:1 DAR 120:71], 986 kb/s, 60 fps, 60 tbr, 15360 tbn (default)
      Metadata:
        handler_name    : VideoHandler
        vendor_id       : [0][0][0][0]
        encoder         : Lavc61.19.100 libx264
  Stream #0:1[0x2](und): Audio: aac (LC) (mp4a / 0x6134706D), 48000 Hz, stereo, fltp, 66 kb/s (default)
      Metadata:
        handler_name    : SoundHandler
        vendor_id       : [0][0][0][0]
Stream mapping:
  Stream #0:0 -> #0:0 (h264 (native) -> wrapped_avframe (native))
  Stream #0:1 -> #0:1 (aac (native) -> pcm_s16le (native))
Press [q] to stop, [?] for help
Output #0, null, to 'pipe:':
  Metadata:
    major_brand     : isom
    minor_version   : 512
    compatible_brands: isomiso2avc1mp41
    encoder         : Lavf61.7.100
  Stream #0:0(und): Video: wrapped_avframe, yuvj420p(pc, bt470bg/unknown/unknown, progressive), 1440x852 [SAR 1:1 DAR 120:71], q=2-31, 200 kb/s, 60 fps, 60 tbn (default)
      Metadata:
        handler_name    : VideoHandler
        vendor_id       : [0][0][0][0]
        encoder         : Lavc61.19.100 wrapped_avframe
  Stream #0:1(und): Audio: pcm_s16le, 48000 Hz, stereo, s16, 1536 kb/s (default)
      Metadata:
        handler_name    : SoundHandler
        vendor_id       : [0][0][0][0]
        encoder         : Lavc61.19.100 pcm_s16le
[Parsed_astats_0 @ 0x12a005c60] Channel: 1
[Parsed_astats_0 @ 0x12a005c60] DC offset: -0.000012
[Parsed_astats_0 @ 0x12a005c60] Min level: -0.145767
[Parsed_astats_0 @ 0x12a005c60] Max level: 0.123555
[Parsed_astats_0 @ 0x12a005c60] Min difference: 0.000000
[Parsed_astats_0 @ 0x12a005c60] Max difference: 0.068894
[Parsed_astats_0 @ 0x12a005c60] Mean difference: 0.001037
[Parsed_astats_0 @ 0x12a005c60] RMS difference: 0.002850
[Parsed_astats_0 @ 0x12a005c60] Peak level dB: -16.726834
[Parsed_astats_0 @ 0x12a005c60] RMS level dB: -42.648686
[Parsed_astats_0 @ 0x12a005c60] RMS peak dB: -29.293438
[Parsed_astats_0 @ 0x12a005c60] RMS trough dB: -359.625219
[Parsed_astats_0 @ 0x12a005c60] Crest factor: 19.773912
[Parsed_astats_0 @ 0x12a005c60] Flat factor: 0.000000
[Parsed_astats_0 @ 0x12a005c60] Peak count: 2
[Parsed_astats_0 @ 0x12a005c60] Abs Peak count: 1
[Parsed_astats_0 @ 0x12a005c60] Noise floor dB: -inf
[Parsed_astats_0 @ 0x12a005c60] Noise floor count: 175073
[Parsed_astats_0 @ 0x12a005c60] Entropy: 0.260694
[Parsed_astats_0 @ 0x12a005c60] Bit depth: 29/32/32/32
[Parsed_astats_0 @ 0x12a005c60] Dynamic range: 190.334257
[Parsed_astats_0 @ 0x12a005c60] Zero crossings: 11476
[Parsed_astats_0 @ 0x12a005c60] Zero crossings rate: 0.042939
[Parsed_astats_0 @ 0x12a005c60] Number of NaNs: 0
[Parsed_astats_0 @ 0x12a005c60] Number of Infs: 0
[Parsed_astats_0 @ 0x12a005c60] Number of denormals: 0
[Parsed_astats_0 @ 0x12a005c60] Channel: 2
[Parsed_astats_0 @ 0x12a005c60] DC offset: -0.000012
[Parsed_astats_0 @ 0x12a005c60] Min level: -0.145767
[Parsed_astats_0 @ 0x12a005c60] Max level: 0.123555
[Parsed_astats_0 @ 0x12a005c60] Min difference: 0.000000
[Parsed_astats_0 @ 0x12a005c60] Max difference: 0.068894
[Parsed_astats_0 @ 0x12a005c60] Mean difference: 0.001037
[Parsed_astats_0 @ 0x12a005c60] RMS difference: 0.002850
[Parsed_astats_0 @ 0x12a005c60] Peak level dB: -16.726834
[Parsed_astats_0 @ 0x12a005c60] RMS level dB: -42.648688
[Parsed_astats_0 @ 0x12a005c60] RMS peak dB: -29.293438
[Parsed_astats_0 @ 0x12a005c60] RMS trough dB: -359.625219
[Parsed_astats_0 @ 0x12a005c60] Crest factor: 19.773915
[Parsed_astats_0 @ 0x12a005c60] Flat factor: 0.000000
[Parsed_astats_0 @ 0x12a005c60] Peak count: 2
[Parsed_astats_0 @ 0x12a005c60] Abs Peak count: 1
[Parsed_astats_0 @ 0x12a005c60] Noise floor dB: -inf
[Parsed_astats_0 @ 0x12a005c60] Noise floor count: 175073
[Parsed_astats_0 @ 0x12a005c60] Entropy: 0.260724
[Parsed_astats_0 @ 0x12a005c60] Bit depth: 29/32/32/32
[Parsed_astats_0 @ 0x12a005c60] Dynamic range: 190.334257
[Parsed_astats_0 @ 0x12a005c60] Zero crossings: 11472
[Parsed_astats_0 @ 0x12a005c60] Zero crossings rate: 0.042924
[Parsed_astats_0 @ 0x12a005c60] Number of NaNs: 0
[Parsed_astats_0 @ 0x12a005c60] Number of Infs: 0
[Parsed_astats_0 @ 0x12a005c60] Number of denormals: 0
[Parsed_astats_0 @ 0x12a005c60] Overall
[Parsed_astats_0 @ 0x12a005c60] DC offset: -0.000012
[Parsed_astats_0 @ 0x12a005c60] Min level: -0.145767
[Parsed_astats_0 @ 0x12a005c60] Max level: 0.123555
[Parsed_astats_0 @ 0x12a005c60] Min difference: 0.000000
[Parsed_astats_0 @ 0x12a005c60] Max difference: 0.068894
[Parsed_astats_0 @ 0x12a005c60] Mean difference: 0.001037
[Parsed_astats_0 @ 0x12a005c60] RMS difference: 0.002850
[Parsed_astats_0 @ 0x12a005c60] Peak level dB: -16.726834
[Parsed_astats_0 @ 0x12a005c60] RMS level dB: -42.648687
[Parsed_astats_0 @ 0x12a005c60] RMS peak dB: -29.293438
[Parsed_astats_0 @ 0x12a005c60] RMS trough dB: -359.625219
[Parsed_astats_0 @ 0x12a005c60] Flat factor: 0.000000
[Parsed_astats_0 @ 0x12a005c60] Peak count: 2.000000
[Parsed_astats_0 @ 0x12a005c60] Abs Peak count: 1.000000
[Parsed_astats_0 @ 0x12a005c60] Noise floor dB: -inf
[Parsed_astats_0 @ 0x12a005c60] Noise floor count: 175073.000000
[Parsed_astats_0 @ 0x12a005c60] Entropy: 0.260709
[Parsed_astats_0 @ 0x12a005c60] Bit depth: 29/32/32/32
[Parsed_astats_0 @ 0x12a005c60] Number of samples: 267264
[Parsed_astats_0 @ 0x12a005c60] Number of NaNs: 0.000000
[Parsed_astats_0 @ 0x12a005c60] Number of Infs: 0.000000
[Parsed_astats_0 @ 0x12a005c60] Number of denormals: 0.000000
[out#0/null @ 0x128f194f0] video:143KiB audio:1044KiB subtitle:0KiB other streams:0KiB global headers:0KiB muxing overhead: unknown
frame=  333 fps=0.0 q=-0.0 Lsize=N/A time=00:00:05.55 bitrate=N/A speed=58.1x
