Godot Engine v4.7.2.stable.official.ed1daf0bf - https://godotengine.org

[   0% ] [90m[1mfirst_scan_filesystem[22m | Started 项目初始化 (5 steps)[39m[0m
[   0% ] [90m[1mfirst_scan_filesystem[22m | 正在扫描文件结构……[39m[0m
[  16% ] [90m[1mfirst_scan_filesystem[22m | 正在加载全局类名……[39m[0m
[  33% ] [90m[1mfirst_scan_filesystem[22m | 正在校验 GDExtension……[39m[0m
[  50% ] [90m[1mfirst_scan_filesystem[22m | 正在创建自动加载脚本……[39m[0m
[  66% ] [90m[1mfirst_scan_filesystem[22m | 正在初始化插件……[39m[0m
[  83% ] [90m[1mfirst_scan_filesystem[22m | 正在启动文件扫描……[39m[0m
[92m[ DONE ][39m [1mfirst_scan_filesystem[22m
[0m
[   0% ] [90m[1mupdate_scripts_classes[22m | Started 正在注册全局类…… (4 steps)[39m[0m
[   0% ] [90m[1mupdate_scripts_classes[22m | [39m[0m
[  20% ] [90m[1mupdate_scripts_classes[22m | [39m[0m
[  40% ] [90m[1mupdate_scripts_classes[22m | [39m[0m
[  60% ] [90m[1mupdate_scripts_classes[22m | [39m[0m
[92m[ DONE ][39m [1mupdate_scripts_classes[22m
[0m
[   0% ] [90m[1m_update_scan_actions[22m | Started 正在扫描动作…… (9 steps)[39m[0m
[   0% ] [90m[1m_update_scan_actions[22m | movie-airborne.png[39m[0m
[  10% ] [90m[1m_update_scan_actions[22m | movie-release.png[39m[0m
[  20% ] [90m[1m_update_scan_actions[22m | movie-rest.png[39m[0m
[  30% ] [90m[1m_update_scan_actions[22m | preview-airborne.png[39m[0m
[  40% ] [90m[1m_update_scan_actions[22m | preview-landing.png[39m[0m
[  50% ] [90m[1m_update_scan_actions[22m | preview-mix.wav[39m[0m
[  60% ] [90m[1m_update_scan_actions[22m | preview-release.png[39m[0m
[  70% ] [90m[1m_update_scan_actions[22m | preview-rest.png[39m[0m
[  80% ] [90m[1m_update_scan_actions[22m | preview-warning.png[39m[0m
[92m[ DONE ][39m [1m_update_scan_actions[22m
[0m
[   0% ] [90m[1mreimport[22m | Started 正在导入或重新导入资产 (9 steps)[39m[0m
[   0% ] [90m[1mreimport[22m | 正在准备重新导入文件……[39m[0m
[  10% ] [90m[1mreimport[22m | 正在准备重新导入文件……[39m[0m
[  20% ] [90m[1mreimport[22m | 正在准备重新导入文件……[39m[0m
[  30% ] [90m[1mreimport[22m | 正在准备重新导入文件……[39m[0m
[  40% ] [90m[1mreimport[22m | 正在准备重新导入文件……[39m[0m
[  50% ] [90m[1mreimport[22m | 正在准备重新导入文件……[39m[0m
[  60% ] [90m[1mreimport[22m | 正在准备重新导入文件……[39m[0m
[  70% ] [90m[1mreimport[22m | 正在准备重新导入文件……[39m[0m
[  80% ] [90m[1mreimport[22m | 正在准备重新导入文件……[39m[0m
[   0% ] [90m[1mreimport[22m | 正在执行重新导入的前置操作……[39m[0m
[   0% ] [90m[1mreimport[22m | movie-airborne.png[39m[0m
[  10% ] [90m[1mreimport[22m | movie-release.png[39m[0m
[  20% ] [90m[1mreimport[22m | movie-rest.png[39m[0m
[  30% ] [90m[1mreimport[22m | preview-airborne.png[39m[0m
[  40% ] [90m[1mreimport[22m | preview-landing.png[39m[0m
[  50% ] [90m[1mreimport[22m | preview-release.png[39m[0m
[  60% ] [90m[1mreimport[22m | preview-rest.png[39m[0m
[  70% ] [90m[1mreimport[22m | preview-warning.png[39m[0m
[  80% ] [90m[1mreimport[22m | preview-mix.wav[39m[0m
[  90% ] [90m[1mreimport[22m | 正在结束资产导入……[39m[0m
[92m[ DONE ][39m [1mreimport[22m
[0m
[   0% ] [90m[1mreimport[22m | Started 正在导入或重新导入资产 (9 steps)[39m[0m
[   0% ] [90m[1mreimport[22m | 正在执行重新导入的后置操作……[39m[0m
[92m[ DONE ][39m [1mreimport[22m
[0m
[   0% ] [90m[1mloading_editor_layout[22m | Started 正在加载编辑器 (5 steps)[39m[0m
[   0% ] [90m[1mloading_editor_layout[22m | 正在加载编辑器布局……[39m[0m
[  16% ] [90m[1mloading_editor_layout[22m | 正在加载停靠面板……[39m[0m
[92m[ DONE ][39m [1mloading_editor_layout[22m
[0m
