Input #0, mov,mp4,m4a,3gp,3g2,mj2, from '/Users/imokokok/Documents/Solmere/demo/100Restaurant_Pan_Lid_Explosion_Polished_20260926_CN.mp4':
  Metadata:
    major_brand     : isom
    minor_version   : 512
    compatible_brands: isomiso2avc1mp41
    encoder         : Lavf61.7.100
  Duration: 00:00:05.55, start: 0.000000, bitrate: 1169 kb/s
  Stream #0:0[0x1](und): Video: h264 (High) (avc1 / 0x31637661), yuvj420p(pc, bt470bg/unknown/unknown, progressive), 1440x852 [SAR 1:1 DAR 120:71], 962 kb/s, 60 fps, 60 tbr, 15360 tbn (default)
      Metadata:
        handler_name    : VideoHandler
        vendor_id       : [0][0][0][0]
        encoder         : Lavc61.19.100 libx264
  Stream #0:1[0x2](und): Audio: aac (LC) (mp4a / 0x6134706D), 48000 Hz, stereo, fltp, 191 kb/s (default)
      Metadata:
        handler_name    : SoundHandler
        vendor_id       : [0][0][0][0]
Stream mapping:
  Stream #0:0 -> #0:0 (h264 (native) -> wrapped_avframe (native))
  Stream #0:1 -> #0:1 (aac (native) -> pcm_s16le (native))
Press [q] to stop, [?] for help
Output #0, null, to 'pipe:':
  Metadata:
    major_brand     : isom
    minor_version   : 512
    compatible_brands: isomiso2avc1mp41
    encoder         : Lavf61.7.100
  Stream #0:0(und): Video: wrapped_avframe, yuvj420p(pc, bt470bg/unknown/unknown, progressive), 1440x852 [SAR 1:1 DAR 120:71], q=2-31, 200 kb/s, 60 fps, 60 tbn (default)
      Metadata:
        handler_name    : VideoHandler
        vendor_id       : [0][0][0][0]
        encoder         : Lavc61.19.100 wrapped_avframe
  Stream #0:1(und): Audio: pcm_s16le, 48000 Hz, stereo, s16, 1536 kb/s (default)
      Metadata:
        handler_name    : SoundHandler
        vendor_id       : [0][0][0][0]
        encoder         : Lavc61.19.100 pcm_s16le
[Parsed_astats_0 @ 0x118905980] Channel: 1
[Parsed_astats_0 @ 0x118905980] DC offset: -0.000032
[Parsed_astats_0 @ 0x118905980] Min level: -0.150011
[Parsed_astats_0 @ 0x118905980] Max level: 0.147052
[Parsed_astats_0 @ 0x118905980] Min difference: 0.000000
[Parsed_astats_0 @ 0x118905980] Max difference: 0.084845
[Parsed_astats_0 @ 0x118905980] Mean difference: 0.003298
[Parsed_astats_0 @ 0x118905980] RMS difference: 0.005573
[Parsed_astats_0 @ 0x118905980] Peak level dB: -16.477530
[Parsed_astats_0 @ 0x118905980] RMS level dB: -38.608936
[Parsed_astats_0 @ 0x118905980] RMS peak dB: -29.543217
[Parsed_astats_0 @ 0x118905980] RMS trough dB: -45.265379
[Parsed_astats_0 @ 0x118905980] Crest factor: 12.781161
[Parsed_astats_0 @ 0x118905980] Flat factor: 0.000000
[Parsed_astats_0 @ 0x118905980] Peak count: 2
[Parsed_astats_0 @ 0x118905980] Abs Peak count: 1
[Parsed_astats_0 @ 0x118905980] Noise floor dB: -36.635607
[Parsed_astats_0 @ 0x118905980] Noise floor count: 240
[Parsed_astats_0 @ 0x118905980] Entropy: 0.567501
[Parsed_astats_0 @ 0x118905980] Bit depth: 29/32/32/32
[Parsed_astats_0 @ 0x118905980] Dynamic range: 178.521839
[Parsed_astats_0 @ 0x118905980] Zero crossings: 35496
[Parsed_astats_0 @ 0x118905980] Zero crossings rate: 0.132812
[Parsed_astats_0 @ 0x118905980] Number of NaNs: 0
[Parsed_astats_0 @ 0x118905980] Number of Infs: 0
[Parsed_astats_0 @ 0x118905980] Number of denormals: 0
[Parsed_astats_0 @ 0x118905980] Channel: 2
[Parsed_astats_0 @ 0x118905980] DC offset: -0.000032
[Parsed_astats_0 @ 0x118905980] Min level: -0.150011
[Parsed_astats_0 @ 0x118905980] Max level: 0.147052
[Parsed_astats_0 @ 0x118905980] Min difference: 0.000000
[Parsed_astats_0 @ 0x118905980] Max difference: 0.084845
[Parsed_astats_0 @ 0x118905980] Mean difference: 0.003297
[Parsed_astats_0 @ 0x118905980] RMS difference: 0.005573
[Parsed_astats_0 @ 0x118905980] Peak level dB: -16.477530
[Parsed_astats_0 @ 0x118905980] RMS level dB: -38.608938
[Parsed_astats_0 @ 0x118905980] RMS peak dB: -29.543217
[Parsed_astats_0 @ 0x118905980] RMS trough dB: -45.265404
[Parsed_astats_0 @ 0x118905980] Crest factor: 12.781164
[Parsed_astats_0 @ 0x118905980] Flat factor: 0.000000
[Parsed_astats_0 @ 0x118905980] Peak count: 2
[Parsed_astats_0 @ 0x118905980] Abs Peak count: 1
[Parsed_astats_0 @ 0x118905980] Noise floor dB: -36.635607
[Parsed_astats_0 @ 0x118905980] Noise floor count: 240
[Parsed_astats_0 @ 0x118905980] Entropy: 0.567497
[Parsed_astats_0 @ 0x118905980] Bit depth: 29/32/32/32
[Parsed_astats_0 @ 0x118905980] Dynamic range: 178.521839
[Parsed_astats_0 @ 0x118905980] Zero crossings: 35482
[Parsed_astats_0 @ 0x118905980] Zero crossings rate: 0.132760
[Parsed_astats_0 @ 0x118905980] Number of NaNs: 0
[Parsed_astats_0 @ 0x118905980] Number of Infs: 0
[Parsed_astats_0 @ 0x118905980] Number of denormals: 0
[Parsed_astats_0 @ 0x118905980] Overall
[Parsed_astats_0 @ 0x118905980] DC offset: -0.000032
[Parsed_astats_0 @ 0x118905980] Min level: -0.150011
[Parsed_astats_0 @ 0x118905980] Max level: 0.147052
[Parsed_astats_0 @ 0x118905980] Min difference: 0.000000
[Parsed_astats_0 @ 0x118905980] Max difference: 0.084845
[Parsed_astats_0 @ 0x118905980] Mean difference: 0.003297
[Parsed_astats_0 @ 0x118905980] RMS difference: 0.005573
[Parsed_astats_0 @ 0x118905980] Peak level dB: -16.477530
[Parsed_astats_0 @ 0x118905980] RMS level dB: -38.608937
[Parsed_astats_0 @ 0x118905980] RMS peak dB: -29.543217
[Parsed_astats_0 @ 0x118905980] RMS trough dB: -45.265404
[Parsed_astats_0 @ 0x118905980] Flat factor: 0.000000
[Parsed_astats_0 @ 0x118905980] Peak count: 2.000000
[Parsed_astats_0 @ 0x118905980] Abs Peak count: 1.000000
[Parsed_astats_0 @ 0x118905980] Noise floor dB: -36.635607
[Parsed_astats_0 @ 0x118905980] Noise floor count: 240.000000
[Parsed_astats_0 @ 0x118905980] Entropy: 0.567499
[Parsed_astats_0 @ 0x118905980] Bit depth: 29/32/32/32
[Parsed_astats_0 @ 0x118905980] Number of samples: 267264
[Parsed_astats_0 @ 0x118905980] Number of NaNs: 0.000000
[Parsed_astats_0 @ 0x118905980] Number of Infs: 0.000000
[Parsed_astats_0 @ 0x118905980] Number of denormals: 0.000000
[out#0/null @ 0x13fe27e30] video:143KiB audio:1044KiB subtitle:0KiB other streams:0KiB global headers:0KiB muxing overhead: unknown
frame=  333 fps=0.0 q=-0.0 Lsize=N/A time=00:00:05.55 bitrate=N/A speed=60.6x
