Godot Engine v4.7.2.stable.official.ed1daf0bf - https://godotengine.org
OpenGL API 3.3.0 NVIDIA 566.24 - Compatibility - Using Device: NVIDIA - NVIDIA GeForce RTX 4050 Laptop GPU

ERROR: Failed to read the root certificate store.
   at: get_system_ca_certificates (platform/windows/os_windows.cpp:2582)
PASS Produce sky and enclosed stall opening are transparent
PASS Orange canopy remains opaque
PASS White canopy stripe remains opaque
PASS Welcome sign remains opaque
PASS Authored ground aligns: handcraft_shop
PASS Capture handcraft_shop
PASS Postal entrance follows the painted left door
PASS Painted postal entrance opens existing letter office
PASS Authored ground aligns: produce_stall
PASS Capture produce_stall
PASS Produce keeps working purchase entry and direct checkout
PASS Authored ground aligns: cafe
PASS Capture cafe
PASS Grocery opens counter conversation without an invented interior
PASS Grocery keeps direct checkout
SUPPLIED_FRONTAGES: 15 checks / 0 failures
